2026-09-15 13:33:00.224+0000 INFO  [o.n.g.f.m.GlobalModule] Logging config in use: File '/var/lib/neo4j/conf/server-logs.xml'
2026-09-15 13:33:00.507+0000 INFO  [o.n.i.d.DiagnosticsManager] 
                                                                ********************************************************************************
                                                                                             [ System diagnostics ]                             
                                                                ********************************************************************************
                                                                --------------------------------------------------------------------------------
                                                                                         [ System memory information ]                          
                                                                --------------------------------------------------------------------------------
                                                                Total Physical memory: 7.754GiB
                                                                Free Physical memory: 130.4MiB
                                                                Committed virtual memory: 6.134GiB
                                                                Total swap space: 2.000GiB
                                                                Free swap space: 1.990GiB
                                                                
                                                                --------------------------------------------------------------------------------
                                                                                           [ JVM memory information ]                           
                                                                --------------------------------------------------------------------------------
                                                                Free  memory: 1.971GiB
                                                                Total memory: 2.000GiB
                                                                Max   memory: 2.000GiB
                                                                Garbage Collector: G1 Young Generation: [G1 Eden Space, G1 Survivor Space, G1 Old Gen]
                                                                Garbage Collector: G1 Old Generation: [G1 Eden Space, G1 Survivor Space, G1 Old Gen]
                                                                Memory Pool: CodeHeap 'non-nmethods' (Non-heap memory): committed=2.438MiB, used=1.231MiB, max=7.254MiB, threshold=0B
                                                                Memory Pool: Metaspace (Non-heap memory): committed=21.69MiB, used=21.41MiB, max=-1B, threshold=0B
                                                                Memory Pool: CodeHeap 'profiled nmethods' (Non-heap memory): committed=5.813MiB, used=5.754MiB, max=116.4MiB, threshold=0B
                                                                Memory Pool: Compressed Class Space (Non-heap memory): committed=2.438MiB, used=2.300MiB, max=1.000GiB, threshold=0B
                                                                Memory Pool: G1 Eden Space (Heap memory): committed=104.0MiB, used=2.000MiB, max=-1B, threshold=?
                                                                Memory Pool: G1 Old Gen (Heap memory): committed=1.895GiB, used=24.23MiB, max=2.000GiB, threshold=0B
                                                                Memory Pool: G1 Survivor Space (Heap memory): committed=4.000MiB, used=3.118MiB, max=-1B, threshold=?
                                                                Memory Pool: CodeHeap 'non-profiled nmethods' (Non-heap memory): committed=2.438MiB, used=1.279MiB, max=116.4MiB, threshold=0B
                                                                
                                                                --------------------------------------------------------------------------------
                                                                                        [ Operating system information ]                        
                                                                --------------------------------------------------------------------------------
                                                                Operating System: Linux; version: 6.6.87.2-microsoft-standard-WSL2; arch: amd64; cpus: 16
                                                                Max number of file descriptors: 1048576
                                                                Number of open file descriptors: 193
                                                                Process id: 7
                                                                Byte order: LITTLE_ENDIAN
                                                                Local timezone: Etc/UTC
                                                                Memory page size: 4096
                                                                Unaligned memory access allowed: true
                                                                
                                                                --------------------------------------------------------------------------------
                                                                                              [ JVM information ]                               
                                                                --------------------------------------------------------------------------------
                                                                VM Name: OpenJDK 64-Bit Server VM
                                                                VM Vendor: Eclipse Adoptium
                                                                VM Version: 17.0.8.1+1
                                                                JIT compiler: HotSpot 64-Bit Tiered Compilers
                                                                VM Arguments: [-XX:+UseG1GC, -XX:-OmitStackTraceInFastThrow, -XX:+AlwaysPreTouch, -XX:+UnlockExperimentalVMOptions, -XX:+TrustFinalNonStaticFields, -XX:+DisableExplicitGC, -Djdk.nio.maxCachedBufferSize=1024, -Dio.netty.tryReflectionSetAccessible=true, -Djdk.tls.ephemeralDHKeySize=2048, -Djdk.tls.rejectClientInitiatedRenegotiation=true, -XX:FlightRecorderOptions=stackdepth=256, -XX:+UnlockDiagnosticVMOptions, -XX:+DebugNonSafepoints, --add-opens=java.base/java.nio=ALL-UNNAMED, --add-opens=java.base/java.io=ALL-UNNAMED, --add-opens=java.base/sun.nio.ch=ALL-UNNAMED, -Dlog4j2.disable.jmx=true, -Dfile.encoding=UTF-8, -Xms2097152k, -Xmx2097152k]
                                                                
                                                                --------------------------------------------------------------------------------
                                                                                               [ Java classpath ]                               
                                                                --------------------------------------------------------------------------------
                                                                 [classpath] /var/lib/neo4j/lib/neo4j-cypher-planner-5.12.0.jar
                                                                 [classpath] /var/lib/neo4j/lib/commons-lang3-3.13.0.jar
                                                                 [classpath] /var/lib/neo4j/lib/shiro-config-core-1.12.0.jar
                                                                 [classpath] /var/lib/neo4j/lib/neo4j-procedure-api-5.12.0.jar
                                                                 [classpath] /var/lib/neo4j/lib/neo4j-5.12.0.jar
                                                                 [classpath] /var/lib/neo4j/lib/jetty-xml-10.0.15.jar
                                                                 [classpath] /var/lib/neo4j/lib/lucene-core-9.7.0.jar
                                                                 [classpath] /var/lib/neo4j/lib/netty-codec-4.1.96.Final.jar
                                                                 [classpath] /var/lib/neo4j/lib/neo4j-monitoring-5.12.0.jar
                                                                 [classpath] /var/lib/neo4j/lib/neo4j-cypher-planner-spi-5.12.0.jar
                                                                 [classpath] /var/lib/neo4j/lib/neo4j-import-tool-5.12.0.jar
                                                                 [classpath] /var/lib/neo4j/lib/jPowerShell-3.0.jar
                                                                 [classpath] /var/lib/neo4j/lib/neo4j-values-5.12.0.jar
                                                                 [classpath] /var/lib/neo4j/lib/netty-tcnative-classes-2.0.61.Final.jar
                                                                 [classpath] /var/lib/neo4j/lib/server-api-5.12.0.jar
                                                                 [classpath] /var/lib/neo4j/lib/neo4j-resource-5.12.0.jar
                                                                 [classpath] /var/lib/neo4j/lib/mercator_2.13-0.2.1.jar
                                                                 [classpath] /var/lib/neo4j/lib/reactive-streams-1.0.4.jar
                                                                 [classpath] /var/lib/neo4j/lib/jaxb-runtime-2.3.2.jar
                                                                 [classpath] /var/lib/neo4j/lib/neo4j-security-5.12.0.jar
                                                                 [classpath] /var/lib/neo4j/lib/neo4j-command-line-5.12.0.jar
                                                                 [classpath] /var/lib/neo4j/lib/neo4j-cypher-runtime-util-5.12.0.jar
                                                                 [classpath] /var/lib/neo4j/lib/neo4j-record-storage-engine-5.12.0.jar
                                                                 [classpath] /var/lib/neo4j/lib/neo4j-procedure-5.12.0.jar
                                                                 [classpath] /var/lib/neo4j/lib/javassist-3.25.0-GA.jar
                                                                 [classpath] /var/lib/neo4j/lib/shiro-crypto-hash-1.12.0.jar
                                                                 [classpath] /var/lib/neo4j/lib/jersey-container-servlet-2.34.jar
                                                                 [classpath] /var/lib/neo4j/lib/neo4j-dbms-5.12.0.jar
                                                                 [classpath] /var/lib/neo4j/lib/commons-configuration2-2.9.0.jar
                                                                 [classpath] /var/lib/neo4j/lib/scala-library-2.13.11.jar
                                                                 [classpath] /var/lib/neo4j/lib/neo4j-io-5.12.0.jar
                                                                 [classpath] /var/lib/neo4j/lib/neo4j-push-to-cloud-5.12.0.jar
                                                                 [classpath] /var/lib/neo4j/lib/neo4j-csv-5.12.0.jar
                                                                 [classpath] /var/lib/neo4j/lib/cypher-literal-interpreter-5.12.0.jar
                                                                 [classpath] /var/lib/neo4j/lib/netty-transport-4.1.96.Final.jar
                                                                 [classpath] /var/lib/neo4j/lib/netty-transport-native-epoll-4.1.96.Final-linux-x86_64.jar
                                                                 [classpath] /var/lib/neo4j/conf/*
                                                                 [classpath] /var/lib/neo4j/lib/netty-transport-native-kqueue-4.1.96.Final-osx-aarch_64.jar
                                                                 [classpath] /var/lib/neo4j/lib/jetty-webapp-10.0.15.jar
                                                                 [classpath] /var/lib/neo4j/lib/WMI4Java-1.6.3.jar
                                                                 [classpath] /var/lib/neo4j/lib/neo4j-kernel-api-5.12.0.jar
                                                                 [classpath] /var/lib/neo4j/lib/neo4j-configuration-5.12.0.jar
                                                                 [classpath] /var/lib/neo4j/lib/jakarta.xml.bind-api-2.3.2.jar
                                                                 [classpath] /var/lib/neo4j/lib/netty-transport-native-kqueue-4.1.96.Final-osx-x86_64.jar
                                                                 [classpath] /var/lib/neo4j/lib/neo4j-consistency-check-5.12.0.jar
                                                                 [classpath] /var/lib/neo4j/lib/neo4j-lock-5.12.0.jar
                                                                 [classpath] /var/lib/neo4j/lib/jProcesses-1.6.5.jar
                                                                 [classpath] /var/lib/neo4j/lib/commons-collections-3.2.2.jar
                                                                 [classpath] /var/lib/neo4j/lib/jetty-http-10.0.15.jar
                                                                 [classpath] /var/lib/neo4j/lib/hk2-locator-2.6.1.jar
                                                                 [classpath] /var/lib/neo4j/lib/jersey-common-2.34.jar
                                                                 [classpath] /var/lib/neo4j/lib/neo4j-cypher-5.12.0.jar
                                                                 [classpath] /var/lib/neo4j/lib/neo4j-util-5.12.0.jar
                                                                 [classpath] /var/lib/neo4j/lib/neo4j-lucene-index-5.12.0.jar
                                                                 [classpath] /var/lib/neo4j/lib/neo4j-expressions-5.12.0.jar
                                                                 [classpath] /var/lib/neo4j/lib/jetty-io-10.0.15.jar
                                                                 [classpath] /var/lib/neo4j/lib/neo4j-collections-5.12.0.jar
                                                                 [classpath] /var/lib/neo4j/lib/jackson-annotations-2.15.2.jar
                                                                 [classpath] /var/lib/neo4j/lib/neo4j-ast-5.12.0.jar
                                                                 [classpath] /var/lib/neo4j/lib/eclipse-collections-api-11.1.0.jar
                                                                 [classpath] /var/lib/neo4j/lib/jersey-container-servlet-core-2.34.jar
                                                                 [classpath] /var/lib/neo4j/lib/neo4j-data-collector-5.12.0.jar
                                                                 [classpath] /var/lib/neo4j/lib/jansi-2.4.0.jar
                                                                 [classpath] /var/lib/neo4j/lib/shiro-event-1.12.0.jar
                                                                 [classpath] /var/lib/neo4j/lib/commons-text-1.10.0.jar
                                                                 [classpath] /var/lib/neo4j/lib/netty-handler-4.1.96.Final.jar
                                                                 [classpath] /var/lib/neo4j/lib/neo4j-storage-engine-util-5.12.0.jar
                                                                 [classpath] /var/lib/neo4j/lib/shiro-lang-1.12.0.jar
                                                                 [classpath] /var/lib/neo4j/lib/neo4j-codegen-5.12.0.jar
                                                                 [classpath] /var/lib/neo4j/lib/neo4j-bolt-5.12.0.jar
                                                                 [classpath] /var/lib/neo4j/lib/ipaddress-5.4.0.jar
                                                                 [classpath] /var/lib/neo4j/lib/jline-terminal-3.21.0.jar
                                                                 [classpath] /var/lib/neo4j/lib/neo4j-bootcheck-5.12.0.jar
                                                                 [classpath] /var/lib/neo4j/lib/neo4j-cypher-cache-5.12.0.jar
                                                                 [classpath] /var/lib/neo4j/lib/neo4j-native-5.12.0.jar
                                                                 [classpath] /var/lib/neo4j/lib/shiro-cache-1.12.0.jar
                                                                 [classpath] /var/lib/neo4j/lib/neo4j-wal-5.12.0.jar
                                                                 [classpath] /var/lib/neo4j/lib/neo4j-cypher-dsl-2023.5.0.jar
                                                                 [classpath] /var/lib/neo4j/lib/neo4j-cypher-slotted-runtime-5.12.0.jar
                                                                 [classpath] /var/lib/neo4j/lib/neo4j-java-driver-5.11.0.jar
                                                                 [classpath] /var/lib/neo4j/lib/netty-transport-classes-epoll-4.1.96.Final.jar
                                                                 [classpath] /var/lib/neo4j/lib/jetty-security-10.0.15.jar
                                                                 [classpath] /var/lib/neo4j/lib/neo4j-query-router-5.12.0.jar
                                                                 [classpath] /var/lib/neo4j/lib/kiama_2.13-2.5.1.jar
                                                                 [classpath] /var/lib/neo4j/lib/jakarta.ws.rs-api-2.1.6.jar
                                                                 [classpath] /var/lib/neo4j/lib/shiro-crypto-cipher-1.12.0.jar
                                                                 [classpath] /var/lib/neo4j/lib/reactor-core-3.5.8.jar
                                                                 [classpath] /var/lib/neo4j/lib/jline-terminal-jansi-3.21.0.jar
                                                                 [classpath] /var/lib/neo4j/lib/lucene-queryparser-9.7.0.jar
                                                                 [classpath] /var/lib/neo4j/lib/hk2-api-2.6.1.jar
                                                                 [classpath] /var/lib/neo4j/lib/jetty-util-10.0.15.jar
                                                                 [classpath] /var/lib/neo4j/lib/neo4j-front-end-5.12.0.jar
                                                                 [classpath] /var/lib/neo4j/lib/neo4j-kernel-5.12.0.jar
                                                                 [classpath] /var/lib/neo4j/lib/neo4j-layout-5.12.0.jar
                                                                 [classpath] /var/lib/neo4j/lib/neo4j-browser-5.11.0.jar
                                                                 [classpath] /var/lib/neo4j/lib/netty-transport-native-unix-common-4.1.96.Final.jar
                                                                 [classpath] /var/lib/neo4j/lib/cypher-ast-factory-5.12.0.jar
                                                                 [classpath] /var/lib/neo4j/lib/neo4j-unsafe-5.12.0.jar
                                                                 [classpath] /var/lib/neo4j/lib/commons-compress-1.23.0.jar
                                                                 [classpath] /var/lib/neo4j/lib/neo4j-cypher-expression-evaluator-5.12.0.jar
                                                                 [classpath] /var/lib/neo4j/lib/neo4j-import-util-5.12.0.jar
                                                                 [classpath] /var/lib/neo4j/lib/istack-commons-runtime-3.0.8.jar
                                                                 [classpath] /var/lib/neo4j/lib/jackson-jaxrs-json-provider-2.15.2.jar
                                                                 [classpath] /var/lib/neo4j/lib/neo4j-rewriting-5.12.0.jar
                                                                 [classpath] /var/lib/neo4j/lib/jetty-servlet-api-4.0.6.jar
                                                                 [classpath] /var/lib/neo4j/lib/eclipse-collections-11.1.0.jar
                                                                 [classpath] /var/lib/neo4j/lib/neo4j-graph-algo-5.12.0.jar
                                                                 [classpath] /var/lib/neo4j/lib/shiro-crypto-core-1.12.0.jar
                                                                 [classpath] /var/lib/neo4j/lib/neo4j-cypher-javacc-parser-5.12.0.jar
                                                                 [classpath] /var/lib/neo4j/lib/netty-transport-classes-kqueue-4.1.96.Final.jar
                                                                 [classpath] /var/lib/neo4j/lib/neo4j-cypher-config-5.12.0.jar
                                                                 [classpath] /var/lib/neo4j/lib/netty-resolver-4.1.96.Final.jar
                                                                 [classpath] /var/lib/neo4j/lib/neo4j-fabric-5.12.0.jar
                                                                 [classpath] /var/lib/neo4j/lib/slf4j-api-2.0.7.jar
                                                                 [classpath] /var/lib/neo4j/lib/neo4j-ssl-5.12.0.jar
                                                                 [classpath] /var/lib/neo4j/lib/neo4j-graphdb-api-5.12.0.jar
                                                                 [classpath] /var/lib/neo4j/lib/neo4j-slf4j-provider-5.12.0.jar
                                                                 [classpath] /var/lib/neo4j/lib/jetty-server-10.0.15.jar
                                                                 [classpath] /var/lib/neo4j/lib/shiro-config-ogdl-1.12.0.jar
                                                                 [classpath] /var/lib/neo4j/lib/jackson-jaxrs-base-2.15.2.jar
                                                                 [classpath] /var/lib/neo4j/lib/jakarta.activation-api-1.2.2.jar
                                                                 [classpath] /var/lib/neo4j/lib/neo4j-cypher-macros-5.12.0.jar
                                                                 [classpath] /var/lib/neo4j/lib/jakarta.validation-api-2.0.2.jar
                                                                 [classpath] /var/lib/neo4j/lib/neo4j-diagnostics-5.12.0.jar
                                                                 [classpath] /var/lib/neo4j/lib/magnolia_2.13-0.17.0.jar
                                                                 [classpath] /var/lib/neo4j/lib/neo4j-fulltext-index-5.12.0.jar
                                                                 [classpath] /var/lib/neo4j/lib/netty-transport-native-epoll-4.1.96.Final-linux-aarch_64.jar
                                                                 [classpath] /var/lib/neo4j/lib/jctools-core-4.0.1.jar
                                                                 [classpath] /var/lib/neo4j/lib/neo4j-exceptions-5.12.0.jar
                                                                 [classpath] /var/lib/neo4j/lib/jettison-1.5.4.jar
                                                                 [classpath] /var/lib/neo4j/lib/cypher-shell-5.12.0.jar
                                                                 [classpath] /var/lib/neo4j/lib/picocli-4.7.4.jar
                                                                 [classpath] /var/lib/neo4j/lib/jakarta.inject-2.6.1.jar
                                                                 [classpath] /var/lib/neo4j/lib/hk2-utils-2.6.1.jar
                                                                 [classpath] /var/lib/neo4j/lib/stax-ex-1.8.1.jar
                                                                 [classpath] /var/lib/neo4j/lib/neo4j-concurrent-5.12.0.jar
                                                                 [classpath] /var/lib/neo4j/lib/neo4j-cypher-interpreted-runtime-5.12.0.jar
                                                                 [classpath] /var/lib/neo4j/lib/txw2-2.3.2.jar
                                                                 [classpath] /var/lib/neo4j/lib/neo4j-server-5.12.0.jar
                                                                 [classpath] /var/lib/neo4j/lib/neo4j-token-api-5.12.0.jar
                                                                 [classpath] /var/lib/neo4j/lib/log4j-api-2.20.0.jar
                                                                 [classpath] /var/lib/neo4j/lib/netty-buffer-4.1.96.Final.jar
                                                                 [classpath] /var/lib/neo4j/lib/jline-reader-3.21.0.jar
                                                                 [classpath] /var/lib/neo4j/lib/FastInfoset-1.2.16.jar
                                                                 [classpath] /var/lib/neo4j/lib/neo4j-index-5.12.0.jar
                                                                 [classpath] /var/lib/neo4j/lib/argparse4j-0.9.0.jar
                                                                 [classpath] /var/lib/neo4j/lib/neo4j-cypher-ir-5.12.0.jar
                                                                 [classpath] /var/lib/neo4j/lib/log4j-core-2.20.0.jar
                                                                 [classpath] /var/lib/neo4j/lib/commons-logging-1.2.jar
                                                                 [classpath] /var/lib/neo4j/lib/jna-5.13.0.jar
                                                                 [classpath] /var/lib/neo4j/lib/neo4j-capabilities-5.12.0.jar
                                                                 [classpath] /var/lib/neo4j/lib/jackson-core-2.15.2.jar
                                                                 [classpath] /var/lib/neo4j/lib/lucene-analysis-common-9.7.0.jar
                                                                 [classpath] /var/lib/neo4j/lib/netty-codec-http-4.1.96.Final.jar
                                                                 [classpath] /var/lib/neo4j/lib/neo4j-cypher-logical-plans-5.12.0.jar
                                                                 [classpath] /var/lib/neo4j/lib/neo4j-spatial-index-5.12.0.jar
                                                                 [classpath] /var/lib/neo4j/lib/jetty-servlet-10.0.15.jar
                                                                 [classpath] /var/lib/neo4j/lib/commons-io-2.13.0.jar
                                                                 [classpath] /var/lib/neo4j/lib/annotations-5.12.0.jar
                                                                 [classpath] /var/lib/neo4j/lib/jackson-databind-2.15.2.jar
                                                                 [classpath] /var/lib/neo4j/lib/zstd-jni-1.5.5-5.jar
                                                                 [classpath] /var/lib/neo4j/lib/scala-reflect-2.13.11.jar
                                                                 [classpath] /var/lib/neo4j/lib/neo4j-schema-5.12.0.jar
                                                                 [classpath] /var/lib/neo4j/lib/neo4j-logging-5.12.0.jar
                                                                 [classpath] /var/lib/neo4j/plugins/apoc.jar
                                                                 [classpath] /var/lib/neo4j/lib/neo4j-common-5.12.0.jar
                                                                 [classpath] /var/lib/neo4j/lib/jakarta.annotation-api-1.3.5.jar
                                                                 [classpath] /var/lib/neo4j/lib/shiro-core-1.12.0.jar
                                                                 [classpath] /var/lib/neo4j/lib/lucene-backward-codecs-9.7.0.jar
                                                                 [classpath] /var/lib/neo4j/lib/caffeine-3.1.7.jar
                                                                 [classpath] /var/lib/neo4j/lib/neo4j-cypher-ast-factory-5.12.0.jar
                                                                 [classpath] /var/lib/neo4j/lib/neo4j-id-generator-5.12.0.jar
                                                                 [classpath] /var/lib/neo4j/lib/jackson-module-jaxb-annotations-2.15.2.jar
                                                                 [classpath] /var/lib/neo4j/lib/netty-common-4.1.96.Final.jar
                                                                 [classpath] /var/lib/neo4j/lib/log4j-layout-template-json-2.20.0.jar
                                                                 [classpath] /var/lib/neo4j/lib/commons-beanutils-1.9.4.jar
                                                                 [classpath] /var/lib/neo4j/lib/jersey-server-2.34.jar
                                                                 [classpath] /var/lib/neo4j/lib/neo4j-cypher-physical-planning-5.12.0.jar
                                                                 [classpath] /var/lib/neo4j/lib/scala-collection-contrib_2.13-0.3.0.jar
                                                                 [classpath] /var/lib/neo4j/lib/zstd-proxy-5.12.0.jar
                                                                 [classpath] /var/lib/neo4j/lib/jersey-client-2.34.jar
                                                                 [classpath] /var/lib/neo4j/lib/jersey-hk2-2.34.jar
                                                                
                                                                --------------------------------------------------------------------------------
                                                                                                [ Library path ]                                
                                                                --------------------------------------------------------------------------------
                                                                /usr/java/packages/lib
                                                                /usr/lib64
                                                                /lib64
                                                                /lib
                                                                /usr/lib
                                                                
                                                                --------------------------------------------------------------------------------
                                                                                             [ System properties ]                              
                                                                --------------------------------------------------------------------------------
                                                                jdk.tls.rejectClientInitiatedRenegotiation = true
                                                                sun.jnu.encoding = ANSI_X3.4-1968
                                                                sun.arch.data.model = 64
                                                                user.timezone = Etc/UTC
                                                                sun.java.launcher = SUN_STANDARD
                                                                user.country = US
                                                                sun.boot.library.path = /opt/java/openjdk/lib
                                                                sun.java.command = org.neo4j.server.CommunityEntryPoint --home-dir=/var/lib/neo4j --config-dir=/var/lib/neo4j/conf --console-mode
                                                                jdk.debug = release
                                                                io.netty.tryReflectionSetAccessible = true
                                                                sun.cpu.endian = little
                                                                user.home = /var/lib/neo4j
                                                                user.language = en
                                                                file.separator = /
                                                                jdk.tls.ephemeralDHKeySize = 2048
                                                                sun.management.compiler = HotSpot 64-Bit Tiered Compilers
                                                                user.name = neo4j
                                                                jdk.nio.maxCachedBufferSize = 1024
                                                                path.separator = :
                                                                file.encoding = UTF-8
                                                                jnidispatch.path = /var/lib/neo4j/.cache/JNA/temp/jna10944543345235333738.tmp
                                                                jna.loaded = true
                                                                user.dir = /var/lib/neo4j
                                                                native.encoding = ANSI_X3.4-1968
                                                                sun.io.unicode.encoding = UnicodeLittle
                                                                log4j2.disable.jmx = true
                                                                
                                                                --------------------------------------------------------------------------------
                                                                                      [ (IANA) TimeZone database version ]                      
                                                                --------------------------------------------------------------------------------
                                                                  TimeZone version: 2023c (available for 603 zone identifiers)
                                                                
                                                                --------------------------------------------------------------------------------
                                                                                            [ Network information ]                             
                                                                --------------------------------------------------------------------------------
                                                                Interface eth0:
                                                                    address: 172.21.0.4
                                                                Interface lo:
                                                                    address: 0:0:0:0:0:0:0:1%lo
                                                                    address: 127.0.0.1
                                                                
                                                                --------------------------------------------------------------------------------
                                                                                         [ Native access information ]                          
                                                                --------------------------------------------------------------------------------
                                                                Native access details: Linux native access is available.
                                                                
                                                                --------------------------------------------------------------------------------
                                                                                                [ DBMS config ]                                 
                                                                --------------------------------------------------------------------------------
                                                                DBMS provided settings:
                                                                dbms.security.procedures.unrestricted=gds.*,apoc.*
                                                                server.bolt.enabled=true
                                                                server.default_listen_address=0.0.0.0
                                                                server.directories.import=/var/lib/neo4j/import
                                                                server.directories.logs=/logs
                                                                server.directories.neo4j_home=/var/lib/neo4j
                                                                server.http.enabled=true
                                                                server.https.enabled=false
                                                                server.jvm.additional=-XX:+UseG1GC
-XX:-OmitStackTraceInFastThrow
-XX:+AlwaysPreTouch
-XX:+UnlockExperimentalVMOptions
-XX:+TrustFinalNonStaticFields
-XX:+DisableExplicitGC
-Djdk.nio.maxCachedBufferSize=1024
-Dio.netty.tryReflectionSetAccessible=true
-Djdk.tls.ephemeralDHKeySize=2048
-Djdk.tls.rejectClientInitiatedRenegotiation=true
-XX:FlightRecorderOptions=stackdepth=256
-XX:+UnlockDiagnosticVMOptions
-XX:+DebugNonSafepoints
--add-opens=java.base/java.nio=ALL-UNNAMED
--add-opens=java.base/java.io=ALL-UNNAMED
--add-opens=java.base/sun.nio.ch=ALL-UNNAMED
-Dlog4j2.disable.jmx=true
                                                                server.memory.heap.initial_size=2.00GiB
                                                                server.memory.heap.max_size=2.00GiB
                                                                server.memory.pagecache.size=512.00MiB
                                                                server.windows_service_name=neo4j
                                                                Directories in use:
                                                                server.directories.data=/var/lib/neo4j/data
                                                                server.directories.dumps.root=/var/lib/neo4j/data/dumps
                                                                server.directories.import=/var/lib/neo4j/import
                                                                server.directories.lib=/var/lib/neo4j/lib
                                                                server.directories.licenses=/var/lib/neo4j/licenses
                                                                server.directories.logs=/logs
                                                                server.directories.neo4j_home=/var/lib/neo4j
                                                                server.directories.plugins=/var/lib/neo4j/plugins
                                                                server.directories.run=/var/lib/neo4j/run
                                                                server.directories.script.root=/var/lib/neo4j/data/scripts
                                                                server.directories.transaction.logs.root=/var/lib/neo4j/data/transactions
                                                                
                                                                --------------------------------------------------------------------------------
                                                                                                 [ Packaging ]                                  
                                                                --------------------------------------------------------------------------------
                                                                Edition: Community
                                                                Package Type: tar
                                                                
2026-09-15 13:33:00.543+0000 INFO  [o.n.d.i.DefaultIdentityModule] Generated new ServerId: ServerId{3ecc3824} (3ecc3824-fe62-4664-beff-9196ee9e93a6)
2026-09-15 13:33:00.545+0000 INFO  [o.n.d.i.DefaultIdentityModule] This instance is ServerId{3ecc3824} (3ecc3824-fe62-4664-beff-9196ee9e93a6)
2026-09-15 13:33:01.592+0000 INFO  [o.n.s.CommunityNeoWebServer] ======== Neo4j 5.12.0 ========
2026-09-15 13:33:01.619+0000 INFO  [o.n.d.d.DatabaseLifecycles] Creating 'DatabaseId{00000000[system]}'.
2026-09-15 13:33:01.697+0000 INFO  [a.ApocConfig] successfully registered ApocConfig for @Context
2026-09-15 13:33:01.700+0000 INFO  [a.Pools] successfully registered Pools for @Context
2026-09-15 13:33:01.704+0000 INFO  [a.ApocConfig] from system properties: NEO4J_CONF=/var/lib/neo4j/conf
2026-09-15 13:33:01.704+0000 INFO  [a.ApocConfig] system property NEO4J_CONF set to /var/lib/neo4j/conf
2026-09-15 13:33:01.705+0000 INFO  [a.ApocConfig] loading apoc meta config from jar:file:/var/lib/neo4j/plugins/apoc.jar!/apoc-config.xml
2026-09-15 13:33:01.998+0000 INFO  [a.ApocConfig] setting APOC config to default value: apoc.trigger.enabled=false
2026-09-15 13:33:02.002+0000 INFO  [a.ApocConfig] setting APOC config to default value: apoc.import.file.use_neo4j_config=true
2026-09-15 13:33:02.019+0000 INFO  [a.ApocConfig] setting APOC config to default value: apoc.export.file.enabled=false
2026-09-15 13:33:02.173+0000 INFO  [o.n.b.BoltServer] Using connector transport epoll
2026-09-15 13:33:02.298+0000 INFO  [o.n.b.BoltServer] Configured external Bolt connector with listener address /0.0.0.0:7687
2026-09-15 13:33:02.299+0000 INFO  [o.n.b.BoltServer] Bolt server loaded
2026-09-15 13:33:02.345+0000 INFO  [o.n.d.d.DatabaseLifecycles] Starting 'DatabaseId{00000000[system]}'.
2026-09-15 13:33:03.045+0000 INFO  [o.n.i.d.DiagnosticsManager] [system/00000000] 
                                                                [system/00000000] ********************************************************************************
                                                                [system/00000000]                               [ Database: system ]                              
                                                                [system/00000000] ********************************************************************************
                                                                [system/00000000] --------------------------------------------------------------------------------
                                                                [system/00000000]                                   [ Version ]                                   
                                                                [system/00000000] --------------------------------------------------------------------------------
                                                                [system/00000000] DBMS: community record-aligned-1.1
                                                                [system/00000000] Kernel version: 5.12.0
                                                                [system/00000000] 
                                                                [system/00000000] --------------------------------------------------------------------------------
                                                                [system/00000000]                                 [ Store files ]                                 
                                                                [system/00000000] --------------------------------------------------------------------------------
                                                                [system/00000000] Disk space on partition (Total / Free / Free %): 482560249856 / 86447837184 / 17
                                                                [system/00000000] Storage files stored on file store: 9p
                                                                [system/00000000] Storage files: (filename : modification date - size)
                                                                [system/00000000]   neostore: 2026-09-15 13:33:02.831+0000 - 8.000KiB
                                                                [system/00000000]   neostore.counts.db: 2026-09-15 13:33:02.855+0000 - 0B
                                                                [system/00000000]   neostore.indexstats.db: 2026-09-15 13:33:02.886+0000 - 0B
                                                                [system/00000000]   neostore.labeltokenstore.db: 2026-09-15 13:33:02.799+0000 - 0B
                                                                [system/00000000]   neostore.labeltokenstore.db.id: 2026-09-15 13:33:02.786+0000 - 0B
                                                                [system/00000000]   neostore.labeltokenstore.db.names: 2026-09-15 13:33:02.783+0000 - 8.000KiB
                                                                [system/00000000]   neostore.labeltokenstore.db.names.id: 2026-09-15 13:33:02.778+0000 - 0B
                                                                [system/00000000]   neostore.nodestore.db: 2026-09-15 13:33:02.692+0000 - 0B
                                                                [system/00000000]   neostore.nodestore.db.id: 2026-09-15 13:33:02.682+0000 - 0B
                                                                [system/00000000]   neostore.nodestore.db.labels: 2026-09-15 13:33:02.670+0000 - 8.000KiB
                                                                [system/00000000]   neostore.nodestore.db.labels.id: 2026-09-15 13:33:02.646+0000 - 0B
                                                                [system/00000000]   neostore.propertystore.db: 2026-09-15 13:33:02.747+0000 - 0B
                                                                [system/00000000]   neostore.propertystore.db.arrays: 2026-09-15 13:33:02.727+0000 - 8.000KiB
                                                                [system/00000000]   neostore.propertystore.db.arrays.id: 2026-09-15 13:33:02.721+0000 - 0B
                                                                [system/00000000]   neostore.propertystore.db.id: 2026-09-15 13:33:02.745+0000 - 0B
                                                                [system/00000000]   neostore.propertystore.db.index: 2026-09-15 13:33:02.709+0000 - 0B
                                                                [system/00000000]   neostore.propertystore.db.index.id: 2026-09-15 13:33:02.705+0000 - 0B
                                                                [system/00000000]   neostore.propertystore.db.index.keys: 2026-09-15 13:33:02.702+0000 - 8.000KiB
                                                                [system/00000000]   neostore.propertystore.db.index.keys.id: 2026-09-15 13:33:02.697+0000 - 0B
                                                                [system/00000000]   neostore.propertystore.db.strings: 2026-09-15 13:33:02.718+0000 - 8.000KiB
                                                                [system/00000000]   neostore.propertystore.db.strings.id: 2026-09-15 13:33:02.712+0000 - 0B
                                                                [system/00000000]   neostore.relationshipgroupstore.db: 2026-09-15 13:33:02.820+0000 - 8.000KiB
                                                                [system/00000000]   neostore.relationshipgroupstore.db.id: 2026-09-15 13:33:02.814+0000 - 0B
                                                                [system/00000000]   neostore.relationshipgroupstore.degrees.db: 2026-09-15 13:33:02.869+0000 - 0B
                                                                [system/00000000]   neostore.relationshipstore.db: 2026-09-15 13:33:02.754+0000 - 0B
                                                                [system/00000000]   neostore.relationshipstore.db.id: 2026-09-15 13:33:02.751+0000 - 0B
                                                                [system/00000000]   neostore.relationshiptypestore.db: 2026-09-15 13:33:02.775+0000 - 0B
                                                                [system/00000000]   neostore.relationshiptypestore.db.id: 2026-09-15 13:33:02.772+0000 - 0B
                                                                [system/00000000]   neostore.relationshiptypestore.db.names: 2026-09-15 13:33:02.763+0000 - 8.000KiB
                                                                [system/00000000]   neostore.relationshiptypestore.db.names.id: 2026-09-15 13:33:02.759+0000 - 0B
                                                                [system/00000000]   neostore.schemastore.db: 2026-09-15 13:33:02.809+0000 - 8.000KiB
                                                                [system/00000000]   neostore.schemastore.db.id: 2026-09-15 13:33:02.805+0000 - 0B
                                                                [system/00000000] Storage summary: 
                                                                [system/00000000]   Total size of store: 72.00KiB
                                                                [system/00000000]   Total size of mapped files: 72.00KiB
                                                                [system/00000000] 
                                                                [system/00000000] --------------------------------------------------------------------------------
                                                                [system/00000000]                               [ Transaction log ]                               
                                                                [system/00000000] --------------------------------------------------------------------------------
                                                                [system/00000000] Transaction log files stored on file store: 9p
                                                                [system/00000000] Transaction log metadata:
                                                                [system/00000000]  - current kernel version used in transactions: V5_12
                                                                [system/00000000]  - last committed transaction id: 1
                                                                [system/00000000] Transaction log files:
                                                                [system/00000000]  - existing transaction log versions: -1--1
                                                                [system/00000000]  - no transactions found
                                                                [system/00000000] Checkpoint log files:
                                                                [system/00000000]  - existing checkpoint log versions: -1--1
                                                                [system/00000000]  - no checkpoints found
                                                                [system/00000000] 
                                                                [system/00000000] --------------------------------------------------------------------------------
                                                                [system/00000000]                                   [ Id usage ]                                  
                                                                [system/00000000] --------------------------------------------------------------------------------
                                                                [system/00000000] ArrayPropertyStore[neostore.nodestore.db.labels]: used=1 high=0
                                                                [system/00000000] NodeStore[neostore.nodestore.db]: used=0 high=-1
                                                                [system/00000000] StringPropertyStore[neostore.propertystore.db.index.keys]: used=1 high=0
                                                                [system/00000000] PropertyIndexStore[neostore.propertystore.db.index]: used=0 high=-1
                                                                [system/00000000] StringPropertyStore[neostore.propertystore.db.strings]: used=1 high=0
                                                                [system/00000000] ArrayPropertyStore[neostore.propertystore.db.arrays]: used=1 high=0
                                                                [system/00000000] PropertyStore[neostore.propertystore.db]: used=0 high=-1
                                                                [system/00000000] RelationshipStore[neostore.relationshipstore.db]: used=0 high=-1
                                                                [system/00000000] StringPropertyStore[neostore.relationshiptypestore.db.names]: used=1 high=0
                                                                [system/00000000] RelationshipTypeStore[neostore.relationshiptypestore.db]: used=0 high=-1
                                                                [system/00000000] StringPropertyStore[neostore.labeltokenstore.db.names]: used=1 high=0
                                                                [system/00000000] LabelTokenStore[neostore.labeltokenstore.db]: used=0 high=-1
                                                                [system/00000000] SchemaStore[neostore.schemastore.db]: used=1 high=0
                                                                [system/00000000] RelationshipGroupStore[neostore.relationshipgroupstore.db]: used=1 high=0
                                                                [system/00000000] NeoStore[neostore]: used=-1 high=-1
                                                                [system/00000000] 
                                                                [system/00000000] --------------------------------------------------------------------------------
                                                                [system/00000000]                                   [ Metadata ]                                  
                                                                [system/00000000] --------------------------------------------------------------------------------
                                                                [system/00000000] EXTERNAL_STORE_UUID (Database identifier exposed as external store identity. Generated on creation and never updated): a5253f6e-582d-4e5b-83af-52d383749fe9
                                                                [system/00000000] DATABASE_ID (The last used DatabaseId for this database): null
                                                                [system/00000000] LEGACY_STORE_VERSION (Legacy store format version. This field is used from 5.0 onwards only to distinguish non-migrated pre 5.0 metadata stores.): -3523014627327384477
                                                                [system/00000000] STORE_ID (Store ID): StoreId{creationTime=1789479182828, random=-4631412194193990925, storageEngineName='record', formatName='aligned', majorVersion=1, minorVersion=1}
                                                                [system/00000000] 
2026-09-15 13:33:03.073+0000 INFO  [o.n.k.a.DatabaseAvailabilityGuard] [system/00000000] Requirement `Database unavailable` makes database system unavailable.
2026-09-15 13:33:03.074+0000 INFO  [o.n.k.a.DatabaseAvailabilityGuard] [system/00000000] DatabaseId{00000000[system]} is unavailable.
2026-09-15 13:33:03.103+0000 WARN  [o.n.k.i.s.MetaDataStore] [system/00000000] Missing counts store, rebuilding it.
2026-09-15 13:33:03.108+0000 WARN  [o.n.k.i.s.MetaDataStore] [system/00000000] Counts store rebuild completed.
2026-09-15 13:33:17.011+0000 INFO  [o.n.k.d.Database] [system/00000000] Starting transaction log [/var/lib/neo4j/data/transactions/system/neostore.transaction.db.0] at version=0
2026-09-15 13:33:17.099+0000 INFO  [o.n.k.d.Database] [system/00000000] Starting transaction log [/var/lib/neo4j/data/transactions/system/checkpoint.0] at version=0
2026-09-15 13:33:17.107+0000 INFO  [o.n.k.i.t.l.f.c.CheckpointLogFile] [system/00000000] Scanning log file with version 0 for checkpoint entries
2026-09-15 13:33:17.148+0000 INFO  [o.n.k.a.DatabaseAvailabilityGuard] [system/00000000] Fulfilling of requirement 'Database unavailable' makes database system available.
2026-09-15 13:33:17.149+0000 INFO  [o.n.k.a.DatabaseAvailabilityGuard] [system/00000000] DatabaseId{00000000[system]} is ready.
2026-09-15 13:33:17.391+0000 INFO  [o.n.k.i.a.i.IndexPopulationJob] [system/00000000] Index population started: [Index( id=2, name='index_f7700477', type='LOOKUP', schema=()-[:<any-types>]-(), indexProvider='token-lookup-1.0' )]
2026-09-15 13:33:17.448+0000 INFO  [o.n.k.i.a.i.IndexPopulationJob] [system/00000000] Index creation finished for index [Index( id=2, name='index_f7700477', type='LOOKUP', schema=()-[:<any-types>]-(), indexProvider='token-lookup-1.0' )].
2026-09-15 13:33:17.476+0000 INFO  [o.n.k.i.a.i.IndexPopulationJob] [system/00000000] Index population started: [Index( id=1, name='index_343aff4e', type='LOOKUP', schema=(:<any-labels>), indexProvider='token-lookup-1.0' )]
2026-09-15 13:33:17.494+0000 INFO  [o.n.k.i.a.i.IndexPopulationJob] [system/00000000] Index creation finished for index [Index( id=1, name='index_343aff4e', type='LOOKUP', schema=(:<any-labels>), indexProvider='token-lookup-1.0' )].
2026-09-15 13:33:17.506+0000 INFO  [o.n.k.i.t.l.c.CheckPointerImpl] [system/00000000] Checkpoint triggered by "Database init completed." @ txId: 3 checkpoint started...
2026-09-15 13:33:17.608+0000 INFO  [o.n.k.i.t.l.c.CheckPointerImpl] [system/00000000] Checkpoint triggered by "Database init completed." @ txId: 3 checkpoint completed in 99ms. Checkpoint flushed 74 pages (0% of total available pages), in 57 IOs. Checkpoint performed with IO limit: unlimited, paused in total 0 times( 0 millis).
2026-09-15 13:33:17.610+0000 INFO  [o.n.k.i.t.l.p.LogPruningImpl] [system/00000000] No log version pruned. The strategy used was '2 days'. 
2026-09-15 13:33:18.327+0000 WARN  [o.n.k.a.p.GlobalProcedures] Failed to load `apoc.util.hdfs.HDFSUtils` from plugin jar `/var/lib/neo4j/plugins/apoc.jar`: java.lang.NoClassDefFoundError: org/apache/hadoop/fs/FSDataOutputStream
2026-09-15 13:33:18.329+0000 WARN  [o.n.k.a.p.GlobalProcedures] Failed to load `apoc.util.hdfs.HDFSUtils$1` from plugin jar `/var/lib/neo4j/plugins/apoc.jar`: java.lang.NoClassDefFoundError: org/apache/hadoop/fs/FSDataInputStream
2026-09-15 13:33:18.363+0000 WARN  [o.n.k.a.p.GlobalProcedures] Failed to load `apoc.util.s3.S3OutputStream$S3UploadManager` from plugin jar `/var/lib/neo4j/plugins/apoc.jar`: java.lang.NoClassDefFoundError: com/amazonaws/services/s3/AmazonS3
2026-09-15 13:33:18.366+0000 WARN  [o.n.k.a.p.GlobalProcedures] Failed to load `apoc.util.s3.S3Aws$1` from plugin jar `/var/lib/neo4j/plugins/apoc.jar`: java.lang.NoClassDefFoundError: com/amazonaws/services/s3/model/S3ObjectInputStream
2026-09-15 13:33:18.369+0000 WARN  [o.n.k.a.p.GlobalProcedures] Failed to load `apoc.util.s3.S3Aws` from plugin jar `/var/lib/neo4j/plugins/apoc.jar`: java.lang.NoClassDefFoundError: com/amazonaws/auth/AWSCredentials
2026-09-15 13:33:18.369+0000 WARN  [o.n.k.a.p.GlobalProcedures] Failed to load `apoc.util.s3.S3URLConnection` from plugin jar `/var/lib/neo4j/plugins/apoc.jar`: java.lang.NoClassDefFoundError: com/amazonaws/ClientConfiguration
2026-09-15 13:33:18.373+0000 WARN  [o.n.k.a.p.GlobalProcedures] Failed to load `apoc.util.google.cloud.GCStorageURLConnection` from plugin jar `/var/lib/neo4j/plugins/apoc.jar`: java.lang.NoClassDefFoundError: com/google/cloud/storage/Storage
2026-09-15 13:33:19.396+0000 WARN  [o.n.k.a.p.GlobalProcedures] Failed to load `com.jayway.jsonpath.spi.json.GsonJsonProvider` from plugin jar `/var/lib/neo4j/plugins/apoc.jar`: java.lang.NoClassDefFoundError: com/google/gson/JsonElement
2026-09-15 13:33:19.400+0000 WARN  [o.n.k.a.p.GlobalProcedures] Failed to load `com.jayway.jsonpath.spi.json.JakartaJsonProvider$JsonArrayProxy$1` from plugin jar `/var/lib/neo4j/plugins/apoc.jar`: java.lang.NoClassDefFoundError: jakarta/json/JsonValue
2026-09-15 13:33:19.401+0000 WARN  [o.n.k.a.p.GlobalProcedures] Failed to load `com.jayway.jsonpath.spi.json.JakartaJsonProvider$JsonArrayProxy$2` from plugin jar `/var/lib/neo4j/plugins/apoc.jar`: java.lang.NoClassDefFoundError: jakarta/json/JsonValue
2026-09-15 13:33:19.402+0000 WARN  [o.n.k.a.p.GlobalProcedures] Failed to load `com.jayway.jsonpath.spi.json.JakartaJsonProvider$JsonArrayProxy` from plugin jar `/var/lib/neo4j/plugins/apoc.jar`: java.lang.NoClassDefFoundError: jakarta/json/JsonArray
2026-09-15 13:33:19.404+0000 WARN  [o.n.k.a.p.GlobalProcedures] Failed to load `com.jayway.jsonpath.spi.json.JakartaJsonProvider$JsonObjectProxy$1` from plugin jar `/var/lib/neo4j/plugins/apoc.jar`: java.lang.NoClassDefFoundError: jakarta/json/JsonObject
2026-09-15 13:33:19.406+0000 WARN  [o.n.k.a.p.GlobalProcedures] Failed to load `com.jayway.jsonpath.spi.json.JakartaJsonProvider$JsonObjectProxy` from plugin jar `/var/lib/neo4j/plugins/apoc.jar`: java.lang.NoClassDefFoundError: jakarta/json/JsonObject
2026-09-15 13:33:19.407+0000 WARN  [o.n.k.a.p.GlobalProcedures] Failed to load `com.jayway.jsonpath.spi.json.JakartaJsonProvider` from plugin jar `/var/lib/neo4j/plugins/apoc.jar`: java.lang.NoClassDefFoundError: jakarta/json/JsonValue
2026-09-15 13:33:19.412+0000 WARN  [o.n.k.a.p.GlobalProcedures] Failed to load `com.jayway.jsonpath.spi.json.JsonOrgJsonProvider` from plugin jar `/var/lib/neo4j/plugins/apoc.jar`: java.lang.NoClassDefFoundError: org/json/JSONException
2026-09-15 13:33:19.414+0000 WARN  [o.n.k.a.p.GlobalProcedures] Failed to load `com.jayway.jsonpath.spi.mapper.GsonMappingProvider$1` from plugin jar `/var/lib/neo4j/plugins/apoc.jar`: java.lang.NoClassDefFoundError: com/google/gson/Gson
2026-09-15 13:33:19.415+0000 WARN  [o.n.k.a.p.GlobalProcedures] Failed to load `com.jayway.jsonpath.spi.mapper.GsonMappingProvider$2` from plugin jar `/var/lib/neo4j/plugins/apoc.jar`: java.lang.NoClassDefFoundError: com/google/gson/Gson
2026-09-15 13:33:19.416+0000 WARN  [o.n.k.a.p.GlobalProcedures] Failed to load `com.jayway.jsonpath.spi.mapper.JakartaMappingProvider$JsonArrayScope` from plugin jar `/var/lib/neo4j/plugins/apoc.jar`: java.lang.NoClassDefFoundError: jakarta/json/JsonValue
2026-09-15 13:33:19.417+0000 WARN  [o.n.k.a.p.GlobalProcedures] Failed to load `com.jayway.jsonpath.spi.mapper.JakartaMappingProvider$JsonObjectScope` from plugin jar `/var/lib/neo4j/plugins/apoc.jar`: java.lang.NoClassDefFoundError: jakarta/json/JsonValue
2026-09-15 13:33:19.417+0000 WARN  [o.n.k.a.p.GlobalProcedures] Failed to load `com.jayway.jsonpath.spi.mapper.JakartaMappingProvider$JsonStructureScope` from plugin jar `/var/lib/neo4j/plugins/apoc.jar`: java.lang.NoClassDefFoundError: jakarta/json/JsonValue
2026-09-15 13:33:19.418+0000 WARN  [o.n.k.a.p.GlobalProcedures] Failed to load `com.jayway.jsonpath.spi.mapper.JakartaMappingProvider$JsonStructureToParserAdapter` from plugin jar `/var/lib/neo4j/plugins/apoc.jar`: java.lang.NoClassDefFoundError: jakarta/json/stream/JsonParser
2026-09-15 13:33:19.420+0000 WARN  [o.n.k.a.p.GlobalProcedures] Failed to load `com.jayway.jsonpath.spi.mapper.JakartaMappingProvider` from plugin jar `/var/lib/neo4j/plugins/apoc.jar`: java.lang.NoClassDefFoundError: jakarta/json/bind/JsonbException
2026-09-15 13:33:19.601+0000 WARN  [o.n.k.a.p.GlobalProcedures] Failed to load `META-INF.versions.9.module-info` from plugin jar `/var/lib/neo4j/plugins/apoc.jar`: java.lang.NoClassDefFoundError: META-INF/versions/9/module-info is not a class because access_flag ACC_MODULE is set
2026-09-15 13:33:20.449+0000 WARN  [o.n.k.a.p.GlobalProcedures] Failed to load `io.netty.util.internal.Hidden$NettyBlockHoundIntegration$1` from plugin jar `/var/lib/neo4j/plugins/apoc.jar`: java.lang.NoClassDefFoundError: reactor/blockhound/integration/BlockHoundIntegration
2026-09-15 13:33:20.458+0000 WARN  [o.n.k.a.p.GlobalProcedures] Failed to load `io.netty.util.internal.logging.Log4JLogger` from plugin jar `/var/lib/neo4j/plugins/apoc.jar`: java.lang.NoClassDefFoundError: org/apache/log4j/Priority
2026-09-15 13:33:20.460+0000 WARN  [o.n.k.a.p.GlobalProcedures] Failed to load `io.netty.util.internal.Hidden$NettyBlockHoundIntegration` from plugin jar `/var/lib/neo4j/plugins/apoc.jar`: java.lang.NoClassDefFoundError: reactor/blockhound/integration/BlockHoundIntegration
2026-09-15 13:33:20.477+0000 WARN  [o.n.k.a.p.GlobalProcedures] Failed to load `org.apache.commons.logging.impl.AvalonLogger` from plugin jar `/var/lib/neo4j/plugins/apoc.jar`: java.lang.NoClassDefFoundError: org/apache/avalon/framework/logger/Logger
2026-09-15 13:33:20.479+0000 WARN  [o.n.k.a.p.GlobalProcedures] Failed to load `org.apache.commons.logging.impl.Log4JLogger` from plugin jar `/var/lib/neo4j/plugins/apoc.jar`: java.lang.NoClassDefFoundError: org/apache/log4j/Priority
2026-09-15 13:33:20.481+0000 WARN  [o.n.k.a.p.GlobalProcedures] Failed to load `org.apache.commons.logging.impl.LogKitLogger` from plugin jar `/var/lib/neo4j/plugins/apoc.jar`: java.lang.NoClassDefFoundError: org/apache/log/Logger
2026-09-15 13:33:20.718+0000 INFO  [o.n.k.i.a.i.IndexPopulationJob] [system/00000000] Index population started: [Index( id=3, name='constraint_798238d6', type='RANGE', schema=(:DatabaseName {name, namespace}), indexProvider='range-1.0' )]
2026-09-15 13:33:20.765+0000 INFO  [o.n.k.i.a.i.IndexPopulationJob] [system/00000000] Index creation finished for index [Index( id=3, name='constraint_798238d6', type='RANGE', schema=(:DatabaseName {name, namespace}), indexProvider='range-1.0' )].
2026-09-15 13:33:20.787+0000 INFO  [o.n.k.i.a.i.IndexPopulationJob] [system/00000000] Index population started: [Index( id=4, name='constraint_8014b60a', type='RANGE', schema=(:Database {name}), indexProvider='range-1.0' )]
2026-09-15 13:33:20.830+0000 INFO  [o.n.k.i.a.i.IndexPopulationJob] [system/00000000] Index creation finished for index [Index( id=4, name='constraint_8014b60a', type='RANGE', schema=(:Database {name}), indexProvider='range-1.0' )].
2026-09-15 13:33:20.899+0000 INFO  [o.n.k.i.a.i.IndexingService] [system/00000000] Constraint Index( id=3, name='constraint_798238d6', type='RANGE', schema=(:Label[1] {PropertyKey[11], PropertyKey[12]}), indexProvider='range-1.0' ) is ONLINE.
2026-09-15 13:33:20.900+0000 INFO  [o.n.k.i.a.i.IndexingService] [system/00000000] Constraint Index( id=4, name='constraint_8014b60a', type='RANGE', schema=(:Label[2] {PropertyKey[11]}), indexProvider='range-1.0' ) is ONLINE.
2026-09-15 13:33:21.047+0000 INFO  [o.n.k.i.a.i.IndexPopulationJob] [system/00000000] Index population started: [Index( id=7, name='constraint_5789ae3', type='RANGE', schema=(:User {name}), indexProvider='range-1.0' )]
2026-09-15 13:33:21.067+0000 INFO  [o.n.k.i.a.i.IndexPopulationJob] [system/00000000] Index creation finished for index [Index( id=7, name='constraint_5789ae3', type='RANGE', schema=(:User {name}), indexProvider='range-1.0' )].
2026-09-15 13:33:21.088+0000 INFO  [o.n.k.i.a.i.IndexPopulationJob] [system/00000000] Index population started: [Index( id=8, name='constraint_74fad970', type='RANGE', schema=(:User {id}), indexProvider='range-1.0' )]
2026-09-15 13:33:21.106+0000 INFO  [o.n.k.i.a.i.IndexPopulationJob] [system/00000000] Index creation finished for index [Index( id=8, name='constraint_74fad970', type='RANGE', schema=(:User {id}), indexProvider='range-1.0' )].
2026-09-15 13:33:21.118+0000 INFO  [o.n.k.i.a.i.IndexingService] [system/00000000] Constraint Index( id=7, name='constraint_5789ae3', type='RANGE', schema=(:Label[3] {PropertyKey[11]}), indexProvider='range-1.0' ) is ONLINE.
2026-09-15 13:33:21.119+0000 INFO  [o.n.k.i.a.i.IndexingService] [system/00000000] Constraint Index( id=8, name='constraint_74fad970', type='RANGE', schema=(:Label[3] {PropertyKey[26]}), indexProvider='range-1.0' ) is ONLINE.
2026-09-15 13:33:21.121+0000 INFO  [o.n.s.s.s.UserSecurityGraphComponent] Initializing system graph model for component 'security-users' with version -1 and status UNINITIALIZED
2026-09-15 13:33:21.140+0000 INFO  [o.n.s.s.s.UserSecurityGraphComponent] Setting up initial user from `auth.ini` file: neo4j
2026-09-15 13:33:21.141+0000 INFO  [o.n.s.s.a.CommunitySecurityModule] CREATE USER neo4j PASSWORD ****** CHANGE NOT REQUIRED
2026-09-15 13:33:21.154+0000 INFO  [o.n.s.s.s.UserSecurityGraphComponent] Setting version for 'security-users' to 4
2026-09-15 13:33:21.158+0000 INFO  [o.n.s.s.s.UserSecurityGraphComponent] After initialization of system graph model component 'security-users' have version 4 and status CURRENT
2026-09-15 13:33:21.163+0000 INFO  [o.n.s.s.s.UserSecurityGraphComponent] Performing postInitialization step for component 'security-users' with version 4 and status CURRENT
2026-09-15 13:33:21.170+0000 INFO  [o.n.d.d.DatabaseLifecycles] Creating 'DatabaseId{d50ce7fb[neo4j]}'.
2026-09-15 13:33:21.174+0000 INFO  [o.n.d.d.DatabaseLifecycles] Starting 'DatabaseId{d50ce7fb[neo4j]}'.
2026-09-15 13:33:21.198+0000 INFO  [o.n.k.i.s.f.RecordFormatSelector] [neo4j/d50ce7fb] Selected configured format for store /var/lib/neo4j/data/databases/neo4j: RecordFormat:PageAlignedV5_0[aligned-1.1]
2026-09-15 13:33:21.368+0000 INFO  [o.n.i.d.DiagnosticsManager] [neo4j/d50ce7fb] 
                                                                [neo4j/d50ce7fb] ********************************************************************************
                                                                [neo4j/d50ce7fb]                               [ Database: neo4j ]                               
                                                                [neo4j/d50ce7fb] ********************************************************************************
                                                                [neo4j/d50ce7fb] --------------------------------------------------------------------------------
                                                                [neo4j/d50ce7fb]                                   [ Version ]                                   
                                                                [neo4j/d50ce7fb] --------------------------------------------------------------------------------
                                                                [neo4j/d50ce7fb] DBMS: community record-aligned-1.1
                                                                [neo4j/d50ce7fb] Kernel version: 5.12.0
                                                                [neo4j/d50ce7fb] 
                                                                [neo4j/d50ce7fb] --------------------------------------------------------------------------------
                                                                [neo4j/d50ce7fb]                                 [ Store files ]                                 
                                                                [neo4j/d50ce7fb] --------------------------------------------------------------------------------
                                                                [neo4j/d50ce7fb] Disk space on partition (Total / Free / Free %): 482560249856 / 86249541632 / 17
                                                                [neo4j/d50ce7fb] Storage files stored on file store: 9p
                                                                [neo4j/d50ce7fb] Storage files: (filename : modification date - size)
                                                                [neo4j/d50ce7fb]   neostore: 2026-09-15 13:33:21.308+0000 - 8.000KiB
                                                                [neo4j/d50ce7fb]   neostore.counts.db: 2026-09-15 13:33:21.311+0000 - 0B
                                                                [neo4j/d50ce7fb]   neostore.indexstats.db: 2026-09-15 13:33:21.318+0000 - 0B
                                                                [neo4j/d50ce7fb]   neostore.labeltokenstore.db: 2026-09-15 13:33:21.288+0000 - 0B
                                                                [neo4j/d50ce7fb]   neostore.labeltokenstore.db.id: 2026-09-15 13:33:21.286+0000 - 0B
                                                                [neo4j/d50ce7fb]   neostore.labeltokenstore.db.names: 2026-09-15 13:33:21.281+0000 - 8.000KiB
                                                                [neo4j/d50ce7fb]   neostore.labeltokenstore.db.names.id: 2026-09-15 13:33:21.276+0000 - 0B
                                                                [neo4j/d50ce7fb]   neostore.nodestore.db: 2026-09-15 13:33:21.216+0000 - 0B
                                                                [neo4j/d50ce7fb]   neostore.nodestore.db.id: 2026-09-15 13:33:21.213+0000 - 0B
                                                                [neo4j/d50ce7fb]   neostore.nodestore.db.labels: 2026-09-15 13:33:21.209+0000 - 8.000KiB
                                                                [neo4j/d50ce7fb]   neostore.nodestore.db.labels.id: 2026-09-15 13:33:21.204+0000 - 0B
                                                                [neo4j/d50ce7fb]   neostore.propertystore.db: 2026-09-15 13:33:21.252+0000 - 0B
                                                                [neo4j/d50ce7fb]   neostore.propertystore.db.arrays: 2026-09-15 13:33:21.246+0000 - 8.000KiB
                                                                [neo4j/d50ce7fb]   neostore.propertystore.db.arrays.id: 2026-09-15 13:33:21.242+0000 - 0B
                                                                [neo4j/d50ce7fb]   neostore.propertystore.db.id: 2026-09-15 13:33:21.249+0000 - 0B
                                                                [neo4j/d50ce7fb]   neostore.propertystore.db.index: 2026-09-15 13:33:21.230+0000 - 0B
                                                                [neo4j/d50ce7fb]   neostore.propertystore.db.index.id: 2026-09-15 13:33:21.227+0000 - 0B
                                                                [neo4j/d50ce7fb]   neostore.propertystore.db.index.keys: 2026-09-15 13:33:21.224+0000 - 8.000KiB
                                                                [neo4j/d50ce7fb]   neostore.propertystore.db.index.keys.id: 2026-09-15 13:33:21.220+0000 - 0B
                                                                [neo4j/d50ce7fb]   neostore.propertystore.db.strings: 2026-09-15 13:33:21.239+0000 - 8.000KiB
                                                                [neo4j/d50ce7fb]   neostore.propertystore.db.strings.id: 2026-09-15 13:33:21.234+0000 - 0B
                                                                [neo4j/d50ce7fb]   neostore.relationshipgroupstore.db: 2026-09-15 13:33:21.303+0000 - 8.000KiB
                                                                [neo4j/d50ce7fb]   neostore.relationshipgroupstore.db.id: 2026-09-15 13:33:21.299+0000 - 0B
                                                                [neo4j/d50ce7fb]   neostore.relationshipgroupstore.degrees.db: 2026-09-15 13:33:21.314+0000 - 0B
                                                                [neo4j/d50ce7fb]   neostore.relationshipstore.db: 2026-09-15 13:33:21.258+0000 - 0B
                                                                [neo4j/d50ce7fb]   neostore.relationshipstore.db.id: 2026-09-15 13:33:21.256+0000 - 0B
                                                                [neo4j/d50ce7fb]   neostore.relationshiptypestore.db: 2026-09-15 13:33:21.274+0000 - 0B
                                                                [neo4j/d50ce7fb]   neostore.relationshiptypestore.db.id: 2026-09-15 13:33:21.270+0000 - 0B
                                                                [neo4j/d50ce7fb]   neostore.relationshiptypestore.db.names: 2026-09-15 13:33:21.266+0000 - 8.000KiB
                                                                [neo4j/d50ce7fb]   neostore.relationshiptypestore.db.names.id: 2026-09-15 13:33:21.262+0000 - 0B
                                                                [neo4j/d50ce7fb]   neostore.schemastore.db: 2026-09-15 13:33:21.297+0000 - 8.000KiB
                                                                [neo4j/d50ce7fb]   neostore.schemastore.db.id: 2026-09-15 13:33:21.292+0000 - 0B
                                                                [neo4j/d50ce7fb] Storage summary: 
                                                                [neo4j/d50ce7fb]   Total size of store: 72.00KiB
                                                                [neo4j/d50ce7fb]   Total size of mapped files: 72.00KiB
                                                                [neo4j/d50ce7fb] 
                                                                [neo4j/d50ce7fb] --------------------------------------------------------------------------------
                                                                [neo4j/d50ce7fb]                               [ Transaction log ]                               
                                                                [neo4j/d50ce7fb] --------------------------------------------------------------------------------
                                                                [neo4j/d50ce7fb] Transaction log files stored on file store: 9p
                                                                [neo4j/d50ce7fb] Transaction log metadata:
                                                                [neo4j/d50ce7fb]  - current kernel version used in transactions: V5_12
                                                                [neo4j/d50ce7fb]  - last committed transaction id: 1
                                                                [neo4j/d50ce7fb] Transaction log files:
                                                                [neo4j/d50ce7fb]  - existing transaction log versions: -1--1
                                                                [neo4j/d50ce7fb]  - no transactions found
                                                                [neo4j/d50ce7fb] Checkpoint log files:
                                                                [neo4j/d50ce7fb]  - existing checkpoint log versions: -1--1
                                                                [neo4j/d50ce7fb]  - no checkpoints found
                                                                [neo4j/d50ce7fb] 
                                                                [neo4j/d50ce7fb] --------------------------------------------------------------------------------
                                                                [neo4j/d50ce7fb]                                   [ Id usage ]                                  
                                                                [neo4j/d50ce7fb] --------------------------------------------------------------------------------
                                                                [neo4j/d50ce7fb] ArrayPropertyStore[neostore.nodestore.db.labels]: used=1 high=0
                                                                [neo4j/d50ce7fb] NodeStore[neostore.nodestore.db]: used=0 high=-1
                                                                [neo4j/d50ce7fb] StringPropertyStore[neostore.propertystore.db.index.keys]: used=1 high=0
                                                                [neo4j/d50ce7fb] PropertyIndexStore[neostore.propertystore.db.index]: used=0 high=-1
                                                                [neo4j/d50ce7fb] StringPropertyStore[neostore.propertystore.db.strings]: used=1 high=0
                                                                [neo4j/d50ce7fb] ArrayPropertyStore[neostore.propertystore.db.arrays]: used=1 high=0
                                                                [neo4j/d50ce7fb] PropertyStore[neostore.propertystore.db]: used=0 high=-1
                                                                [neo4j/d50ce7fb] RelationshipStore[neostore.relationshipstore.db]: used=0 high=-1
                                                                [neo4j/d50ce7fb] StringPropertyStore[neostore.relationshiptypestore.db.names]: used=1 high=0
                                                                [neo4j/d50ce7fb] RelationshipTypeStore[neostore.relationshiptypestore.db]: used=0 high=-1
                                                                [neo4j/d50ce7fb] StringPropertyStore[neostore.labeltokenstore.db.names]: used=1 high=0
                                                                [neo4j/d50ce7fb] LabelTokenStore[neostore.labeltokenstore.db]: used=0 high=-1
                                                                [neo4j/d50ce7fb] SchemaStore[neostore.schemastore.db]: used=1 high=0
                                                                [neo4j/d50ce7fb] RelationshipGroupStore[neostore.relationshipgroupstore.db]: used=1 high=0
                                                                [neo4j/d50ce7fb] NeoStore[neostore]: used=-1 high=-1
                                                                [neo4j/d50ce7fb] 
                                                                [neo4j/d50ce7fb] --------------------------------------------------------------------------------
                                                                [neo4j/d50ce7fb]                                   [ Metadata ]                                  
                                                                [neo4j/d50ce7fb] --------------------------------------------------------------------------------
                                                                [neo4j/d50ce7fb] EXTERNAL_STORE_UUID (Database identifier exposed as external store identity. Generated on creation and never updated): 905c8dd4-e9e9-487f-a7e7-55e59ca89ea0
                                                                [neo4j/d50ce7fb] DATABASE_ID (The last used DatabaseId for this database): null
                                                                [neo4j/d50ce7fb] LEGACY_STORE_VERSION (Legacy store format version. This field is used from 5.0 onwards only to distinguish non-migrated pre 5.0 metadata stores.): -3523014627327384477
                                                                [neo4j/d50ce7fb] STORE_ID (Store ID): StoreId{creationTime=1789479201307, random=-3274546908068591971, storageEngineName='record', formatName='aligned', majorVersion=1, minorVersion=1}
                                                                [neo4j/d50ce7fb] 
2026-09-15 13:33:21.379+0000 INFO  [o.n.k.a.DatabaseAvailabilityGuard] [neo4j/d50ce7fb] Requirement `Database unavailable` makes database neo4j unavailable.
2026-09-15 13:33:21.379+0000 INFO  [o.n.k.a.DatabaseAvailabilityGuard] [neo4j/d50ce7fb] DatabaseId{d50ce7fb[neo4j]} is unavailable.
2026-09-15 13:33:21.388+0000 WARN  [o.n.k.i.s.MetaDataStore] [neo4j/d50ce7fb] Missing counts store, rebuilding it.
2026-09-15 13:33:21.389+0000 WARN  [o.n.k.i.s.MetaDataStore] [neo4j/d50ce7fb] Counts store rebuild completed.
2026-09-15 13:33:31.490+0000 INFO  [o.n.k.d.Database] [neo4j/d50ce7fb] Starting transaction log [/var/lib/neo4j/data/transactions/neo4j/neostore.transaction.db.0] at version=0
2026-09-15 13:33:31.529+0000 INFO  [o.n.k.d.Database] [neo4j/d50ce7fb] Starting transaction log [/var/lib/neo4j/data/transactions/neo4j/checkpoint.0] at version=0
2026-09-15 13:33:31.534+0000 INFO  [o.n.k.i.t.l.f.c.CheckpointLogFile] [neo4j/d50ce7fb] Scanning log file with version 0 for checkpoint entries
2026-09-15 13:33:31.542+0000 INFO  [o.n.k.a.DatabaseAvailabilityGuard] [neo4j/d50ce7fb] Fulfilling of requirement 'Database unavailable' makes database neo4j available.
2026-09-15 13:33:31.543+0000 INFO  [o.n.k.a.DatabaseAvailabilityGuard] [neo4j/d50ce7fb] DatabaseId{d50ce7fb[neo4j]} is ready.
2026-09-15 13:33:31.549+0000 INFO  [o.n.k.i.a.i.IndexPopulationJob] [neo4j/d50ce7fb] Index population started: [Index( id=2, name='index_f7700477', type='LOOKUP', schema=()-[:<any-types>]-(), indexProvider='token-lookup-1.0' )]
2026-09-15 13:33:31.580+0000 INFO  [o.n.k.i.a.i.IndexPopulationJob] [neo4j/d50ce7fb] Index creation finished for index [Index( id=2, name='index_f7700477', type='LOOKUP', schema=()-[:<any-types>]-(), indexProvider='token-lookup-1.0' )].
2026-09-15 13:33:31.591+0000 INFO  [o.n.k.i.a.i.IndexPopulationJob] [neo4j/d50ce7fb] Index population started: [Index( id=1, name='index_343aff4e', type='LOOKUP', schema=(:<any-labels>), indexProvider='token-lookup-1.0' )]
2026-09-15 13:33:31.603+0000 INFO  [o.n.k.i.a.i.IndexPopulationJob] [neo4j/d50ce7fb] Index creation finished for index [Index( id=1, name='index_343aff4e', type='LOOKUP', schema=(:<any-labels>), indexProvider='token-lookup-1.0' )].
2026-09-15 13:33:31.609+0000 INFO  [o.n.k.i.t.l.c.CheckPointerImpl] [neo4j/d50ce7fb] Checkpoint triggered by "Database init completed." @ txId: 3 checkpoint started...
2026-09-15 13:33:31.682+0000 INFO  [o.n.k.i.t.l.c.CheckPointerImpl] [neo4j/d50ce7fb] Checkpoint triggered by "Database init completed." @ txId: 3 checkpoint completed in 72ms. Checkpoint flushed 74 pages (0% of total available pages), in 57 IOs. Checkpoint performed with IO limit: unlimited, paused in total 0 times( 0 millis).
2026-09-15 13:33:31.682+0000 INFO  [o.n.k.i.t.l.p.LogPruningImpl] [neo4j/d50ce7fb] No log version pruned. The strategy used was '2 days'. 
2026-09-15 13:33:31.730+0000 INFO  [o.n.b.p.c.c.n.SocketNettyConnector] Bolt enabled on 0.0.0.0:7687.
2026-09-15 13:33:31.730+0000 INFO  [o.n.b.BoltServer] Bolt server started
2026-09-15 13:33:31.730+0000 INFO  [o.n.s.A.ServerComponentsLifecycleAdapter] Starting web server
2026-09-15 13:33:32.381+0000 INFO  [o.n.s.CommunityNeoWebServer] HTTP enabled on 0.0.0.0:7474.
2026-09-15 13:33:32.382+0000 INFO  [o.n.s.CommunityNeoWebServer] Remote interface available at http://localhost:7474/
2026-09-15 13:33:32.383+0000 INFO  [o.n.s.A.ServerComponentsLifecycleAdapter] Web server started.
2026-09-15 13:33:32.386+0000 INFO  [o.n.g.f.DatabaseManagementServiceFactory] id: 9EE82E7A221B91F6E3342B4EFA874612FC7F1A575BEA1426F4A75615EA250942
2026-09-15 13:33:32.387+0000 INFO  [o.n.g.f.DatabaseManagementServiceFactory] name: system
2026-09-15 13:33:32.388+0000 INFO  [o.n.g.f.DatabaseManagementServiceFactory] creationDate: 2026-09-15T13:33:02.828Z
2026-09-15 13:48:27.134+0000 INFO  [o.n.k.i.t.l.c.CheckPointerImpl] [system/00000000] Checkpoint triggered by "Scheduled checkpoint for every 15 minutes threshold" @ txId: 37 checkpoint started...
2026-09-15 13:48:27.267+0000 INFO  [o.n.k.i.t.l.c.CheckPointerImpl] [system/00000000] Checkpoint triggered by "Scheduled checkpoint for every 15 minutes threshold" @ txId: 37 checkpoint completed in 125ms. Checkpoint flushed 69 pages (0% of total available pages), in 69 IOs. Checkpoint performed with IO limit: unlimited, paused in total 0 times( 0 millis).
2026-09-15 13:48:27.268+0000 INFO  [o.n.k.i.t.l.p.LogPruningImpl] [system/00000000] No log version pruned. The strategy used was '2 days'. 
2026-09-15 13:58:51.694+0000 INFO  [o.n.g.f.DatabaseManagementServiceFactory] Shutdown started
2026-09-15 13:58:51.806+0000 INFO  [o.n.b.BoltServer] Requested Bolt server shutdown
2026-09-15 13:58:51.809+0000 INFO  [o.n.b.p.c.c.ConnectionRegistry] Stopping remaining idle connections for connector bolt
2026-09-15 13:58:51.809+0000 INFO  [o.n.b.p.c.c.ConnectionRegistry] Stopped 0 idling connections for connector bolt
2026-09-15 13:58:51.834+0000 INFO  [o.n.d.d.DatabaseLifecycles] Stopping 'DatabaseId{d50ce7fb[neo4j]}'.
2026-09-15 13:58:51.933+0000 INFO  [o.n.k.a.DatabaseAvailabilityGuard] [neo4j/d50ce7fb] Requirement `Database unavailable` makes database neo4j unavailable.
2026-09-15 13:58:51.934+0000 INFO  [o.n.k.a.DatabaseAvailabilityGuard] [neo4j/d50ce7fb] DatabaseId{d50ce7fb[neo4j]} is unavailable.
2026-09-15 13:58:51.952+0000 INFO  [o.n.k.d.Database] [neo4j/d50ce7fb] Waiting for closing transactions.
2026-09-15 13:58:51.958+0000 INFO  [o.n.k.d.Database] [neo4j/d50ce7fb] All transactions are closed.
2026-09-15 13:58:51.959+0000 INFO  [o.n.k.i.t.l.c.CheckPointerImpl] [neo4j/d50ce7fb] Checkpoint triggered by "Database shutdown" @ txId: 3 checkpoint started...
2026-09-15 13:58:52.068+0000 INFO  [o.n.k.i.t.l.c.CheckPointerImpl] [neo4j/d50ce7fb] Checkpoint triggered by "Database shutdown" @ txId: 3 checkpoint completed in 108ms. Checkpoint flushed 22 pages (0% of total available pages), in 22 IOs. Checkpoint performed with IO limit: unlimited, paused in total 0 times( 0 millis).
2026-09-15 13:58:52.068+0000 INFO  [o.n.k.i.t.l.p.LogPruningImpl] [neo4j/d50ce7fb] No log version pruned. The strategy used was '2 days'. 
2026-09-15 13:58:52.192+0000 INFO  [o.n.d.d.DatabaseLifecycles] Stopped 'DatabaseId{d50ce7fb[neo4j]}' successfully.
2026-09-15 13:58:52.193+0000 INFO  [o.n.d.d.DatabaseLifecycles] Stopping 'DatabaseId{00000000[system]}'.
2026-09-15 13:58:52.194+0000 INFO  [o.n.k.a.DatabaseAvailabilityGuard] [system/00000000] Requirement `Database unavailable` makes database system unavailable.
2026-09-15 13:58:52.194+0000 INFO  [o.n.k.a.DatabaseAvailabilityGuard] [system/00000000] DatabaseId{00000000[system]} is unavailable.
2026-09-15 13:58:52.197+0000 INFO  [o.n.k.d.Database] [system/00000000] Waiting for closing transactions.
2026-09-15 13:58:52.197+0000 INFO  [o.n.k.d.Database] [system/00000000] All transactions are closed.
2026-09-15 13:58:52.197+0000 INFO  [o.n.k.i.t.l.c.CheckPointerImpl] [system/00000000] Checkpoint triggered by "Database shutdown" @ txId: 37 checkpoint started...
2026-09-15 13:58:52.294+0000 INFO  [o.n.k.i.t.l.c.CheckPointerImpl] [system/00000000] Checkpoint triggered by "Database shutdown" @ txId: 37 checkpoint completed in 96ms. Checkpoint flushed 27 pages (0% of total available pages), in 26 IOs. Checkpoint performed with IO limit: unlimited, paused in total 0 times( 0 millis).
2026-09-15 13:58:52.295+0000 INFO  [o.n.k.i.t.l.p.LogPruningImpl] [system/00000000] No log version pruned. The strategy used was '2 days'. 
2026-09-15 13:58:52.435+0000 INFO  [o.n.d.d.DatabaseLifecycles] Stopped 'DatabaseId{00000000[system]}' successfully.
2026-09-15 13:58:52.445+0000 INFO  [o.n.b.BoltServer] Shutting down Bolt server
2026-09-15 13:58:52.446+0000 INFO  [o.n.b.p.c.c.ConnectionRegistry] Stopping 0 connections for connector bolt
2026-09-15 13:58:52.447+0000 INFO  [o.n.b.p.c.c.ConnectionRegistry] Stopped all remaining connections for connector bolt
